Microchip MPLAB XC8 Compiler V1.37 ()

Linker command line:

--edf=C:\Program Files (x86)\Microchip\xc8\v1.37\dat\en_msgs.txt -cs \
  -h+dist/PIC16F1503_Config/production\GenericBypass.production.sym \
  --cmf=dist/PIC16F1503_Config/production\GenericBypass.production.cmf -z \
  -Q16F1503 -oC:\Users\Nancy\AppData\Local\Temp\sjv4.2 \
  -Mdist/PIC16F1503_Config/production/GenericBypass.production.map -E1 \
  -ver=XC8 -ASTACK=02023h-0206fh -pstack=STACK -ACODE=00h-07FFh \
  -ASTRCODE=00h-07FFh -ASTRING=00h-0FFhx8 -ACONST=00h-0FFhx8 \
  -AENTRY=00h-0FFhx8 -ACOMMON=070h-07Fh -ABANK0=020h-06Fh -ABANK1=0A0h-0BFh \
  -ABIGRAM=02000h-0206Fh -ARAM=020h-06Fh,0A0h-0BFh \
  -AABS1=020h-07Fh,0A0h-0BFh -ASFR0=00h-01Fh -ASFR1=080h-09Fh \
  -ASFR2=0100h-016Fh -ASFR3=0180h-01EFh -ASFR4=0200h-026Fh \
  -ASFR5=0280h-02EFh -ASFR6=0300h-036Fh -ASFR7=0380h-03EFh \
  -ASFR8=0400h-046Fh -ASFR9=0480h-04EFh -ASFR10=0500h-056Fh \
  -ASFR11=0580h-05EFh -ASFR12=0600h-066Fh -ASFR13=0680h-06EFh \
  -ASFR14=0700h-076Fh -ASFR15=0780h-07EFh -ASFR16=0800h-086Fh \
  -ASFR17=0880h-08EFh -ASFR18=0900h-096Fh -ASFR19=0980h-09EFh \
  -ASFR20=0A00h-0A6Fh -ASFR21=0A80h-0AEFh -ASFR22=0B00h-0B6Fh \
  -ASFR23=0B80h-0BEFh -ASFR24=0C00h-0C6Fh -ASFR25=0C80h-0CEFh \
  -ASFR26=0D00h-0D6Fh -ASFR27=0D80h-0DEFh -ASFR28=0E00h-0E6Fh \
  -ASFR29=0E80h-0EEFh -ASFR30=0F00h-0F6Fh -ASFR31=0F80h-0FEFh \
  -preset_vec=00h,intentry=04h,init,end_init -ppowerup=CODE -pcinit=CODE \
  -pfunctab=CODE -ACONFIG=08007h-08008h -pconfig=CONFIG -DCONFIG=2 \
  -AIDLOC=08000h-08003h -pidloc=IDLOC -DIDLOC=2 -DCODE=2 -DSTRCODE=2 \
  -DSTRING=2 -DCONST=2 -DENTRY=2 -k \
  C:\Users\Nancy\AppData\Local\Temp\sjv4.obj \
  dist/PIC16F1503_Config/production\GenericBypass.production.obj 

Object code version is 3.11

Machine type is 16F1503



                Name                               Link     Load   Length Selector   Space Scale
C:\Users\Nancy\AppData\Local\Temp\sjv4.obj
                end_init                              D        D        1        8       0
                reset_vec                             0        0        2        0       0
                config                             8007     8007        2    1000E       0
dist/PIC16F1503_Config/production\GenericBypass.production.obj
                cinit                                 E        E       13        8       0
                intentry                              4        4        9        8       0
                text22                              31E      31E        5        8       0
                text21                              2ED      2ED        A        8       0
                text20                              28A      28A       15        8       0
                text19                              271      271       19        8       0
                text18                              1A8      1A8       34        8       0
                text17                              233      233       22        8       0
                text16                              319      319        5        8       0
                text15                              2E1      2E1        C        8       0
                text14                              255      255       1C        8       0
                text13                               E1       E1       53        8       0
                text12                              29F      29F       10        8       0
                text11                              2BC      2BC        D        8       0
                text10                              1DC      1DC       2F        8       0
                text9                               20B      20B       28        8       0
                text8                               16E      16E       3A        8       0
                text7                               2D5      2D5        C        8       0
                text6                               306      306        7        8       0
                text5                               2AF      2AF        D        8       0
                text4                               134      134       3A        8       0
                text3                               2C9      2C9        C        8       0
                text2                                81       81       60        8       0
                text1                                21       21       60        8       0
                maintext                            2FF      2FF        7        8       0
                cstackBANK0                          32       32        9       20       1
                cstackCOMMON                         70       70        D       70       1
                inittext                            313      313        6        8       0
                clrtext                             30D      30D        6        8       0
                dataBANK0                            3B       3B        8       20       1
                bssBANK0                             20       20       12       20       1
                idataBANK0                          2F7      2F7        8        8       0

TOTAL           Name                               Link     Load   Length     Space
        CLASS   STACK          

        CLASS   CODE           
                end_init                              D        D        1         0
                cinit                                 E        E       13         0
                intentry                              4        4        9         0
                reset_vec                             0        0        2         0
                text22                              31E      31E        5         0
                text21                              2ED      2ED        A         0
                text20                              28A      28A       15         0
                text19                              271      271       19         0
                text18                              1A8      1A8       34         0
                text17                              233      233       22         0
                text16                              319      319        5         0
                text15                              2E1      2E1        C         0
                text14                              255      255       1C         0
                text13                               E1       E1       53         0
                text12                              29F      29F       10         0
                text11                              2BC      2BC        D         0
                text10                              1DC      1DC       2F         0
                text9                               20B      20B       28         0
                text8                               16E      16E       3A         0
                text7                               2D5      2D5        C         0
                text6                               306      306        7         0
                text5                               2AF      2AF        D         0
                text4                               134      134       3A         0
                text3                               2C9      2C9        C         0
                text2                                81       81       60         0
                text1                                21       21       60         0
                maintext                            2FF      2FF        7         0
                inittext                            313      313        6         0
                clrtext                             30D      30D        6         0
                idataBANK0                          2F7      2F7        8         0

        CLASS   STRCODE        

        CLASS   STRING         

        CLASS   CONST          

        CLASS   ENTRY          

        CLASS   COMMON         
                cstackCOMMON                         70       70        D         1

        CLASS   BANK0          
                cstackBANK0                          32       32        9         1
                dataBANK0                            3B       3B        8         1
                bssBANK0                             20       20       12         1

        CLASS   BANK1          

        CLASS   BIGRAM         

        CLASS   RAM            

        CLASS   ABS1           
                abs_s1                               7E       7E        2         1

        CLASS   SFR0           

        CLASS   SFR1           

        CLASS   SFR2           

        CLASS   SFR3           

        CLASS   SFR4           

        CLASS   SFR5           

        CLASS   SFR6           

        CLASS   SFR7           

        CLASS   SFR8           

        CLASS   SFR9           

        CLASS   SFR10          

        CLASS   SFR11          

        CLASS   SFR12          

        CLASS   SFR13          

        CLASS   SFR14          

        CLASS   SFR15          

        CLASS   SFR16          

        CLASS   SFR17          

        CLASS   SFR18          

        CLASS   SFR19          

        CLASS   SFR20          

        CLASS   SFR21          

        CLASS   SFR22          

        CLASS   SFR23          

        CLASS   SFR24          

        CLASS   SFR25          

        CLASS   SFR26          

        CLASS   SFR27          

        CLASS   SFR28          

        CLASS   SFR29          

        CLASS   SFR30          

        CLASS   SFR31          

        CLASS   CONFIG         
                config                             8007     8007        2         0

        CLASS   IDLOC          

        CLASS   BANK31         

        CLASS   BANK30         

        CLASS   BANK29         

        CLASS   BANK28         

        CLASS   BANK27         

        CLASS   BANK26         

        CLASS   BANK25         

        CLASS   BANK24         

        CLASS   BANK23         

        CLASS   BANK22         

        CLASS   BANK21         

        CLASS   BANK20         

        CLASS   BANK19         

        CLASS   BANK18         

        CLASS   BANK17         

        CLASS   BANK16         

        CLASS   BANK15         

        CLASS   BANK14         

        CLASS   BANK13         

        CLASS   BANK12         

        CLASS   BANK11         

        CLASS   BANK10         

        CLASS   BANK9          

        CLASS   BANK8          

        CLASS   BANK7          

        CLASS   BANK6          

        CLASS   BANK5          

        CLASS   BANK4          

        CLASS   BANK3          

        CLASS   BANK2          

        CLASS   EEDATA         



SEGMENTS        Name                           Load    Length   Top    Selector   Space  Class     Delta

                reset_vec                      000000  000002  000002         0       0  CODE        2
                intentry                       000004  00031F  000323         8       0  CODE        2
                bssBANK0                       000020  000023  000043        20       1  BANK0       1
                cstackCOMMON                   000070  00000D  00007D        70       1  COMMON      1
                config                         008007  000002  008009     1000E       0  CONFIG      2


UNUSED ADDRESS RANGES

        Name                Unused          Largest block    Delta
        BANK0            00043-0006F              2D           1
        BANK1            000A0-000BF              20           1
        BIGRAM           02000-0206F              70           1
        CODE             00002-00003               2           2
                         00323-007FF             4DD
        COMMON           0007D-0007D               1           1
        CONST            00002-00003               2           2
                         00323-007FF             100
        ENTRY            00002-00003               2           2
                         00323-007FF             100
        IDLOC            08000-08003               4           2
        RAM              00043-0006F              2D           1
                         000A0-000BF              20
        SFR0             00000-0001F              20           1
        SFR1             00080-0009F              20           1
        SFR10            00500-0056F              70           1
        SFR11            00580-005EF              70           1
        SFR12            00600-0066F              70           1
        SFR13            00680-006EF              70           1
        SFR14            00700-0076F              70           1
        SFR15            00780-007EF              70           1
        SFR16            00800-0086F              70           1
        SFR17            00880-008EF              70           1
        SFR18            00900-0096F              70           1
        SFR19            00980-009EF              70           1
        SFR2             00100-0016F              70           1
        SFR20            00A00-00A6F              70           1
        SFR21            00A80-00AEF              70           1
        SFR22            00B00-00B6F              70           1
        SFR23            00B80-00BEF              70           1
        SFR24            00C00-00C6F              70           1
        SFR25            00C80-00CEF              70           1
        SFR26            00D00-00D6F              70           1
        SFR27            00D80-00DEF              70           1
        SFR28            00E00-00E6F              70           1
        SFR29            00E80-00EEF              70           1
        SFR3             00180-001EF              70           1
        SFR30            00F00-00F6F              70           1
        SFR31            00F80-00FEF              70           1
        SFR4             00200-0026F              70           1
        SFR5             00280-002EF              70           1
        SFR6             00300-0036F              70           1
        SFR7             00380-003EF              70           1
        SFR8             00400-0046F              70           1
        SFR9             00480-004EF              70           1
        STACK            02023-0206F              4D           1
        STRCODE          00002-00003               2           2
                         00323-007FF             4DD
        STRING           00002-00003               2           2
                         00323-007FF             100

                                  Symbol Table

?_FLASH_ReadWord               cstackCOMMON 00071
?___lmul                       cstackCOMMON 00071
?_getSwitch1State              cstackBANK0  00033
?_getSwitch2State              cstackBANK0  00033
FLASH_EraseBlock@GIEBitValue   cstackCOMMON 00073
FLASH_EraseBlock@startAddr     cstackCOMMON 00071
FLASH_ReadWord@GIEBitValue     cstackCOMMON 00073
FLASH_ReadWord@flashAddr       cstackCOMMON 00071
HEF_ByteArrayRead@bArray       cstackCOMMON 0007A
HEF_ByteArrayRead@block        cstackCOMMON 00074
HEF_ByteArrayRead@count        cstackCOMMON 00075
HEF_ByteArrayRead@wordAdd      cstackCOMMON 00078
HEF_ByteArrayWrite@GIEBitValue cstackCOMMON 00078
HEF_ByteArrayWrite@block       cstackCOMMON 00079
HEF_ByteArrayWrite@blockAddr   cstackCOMMON 0007A
HEF_ByteArrayWrite@byteArray   cstackCOMMON 00074
HEF_ByteArrayWrite@count       cstackCOMMON 00075
_ADCON0bits                    (abs)        0009D
_ADCON1bits                    (abs)        0009E
_ADRESH                        (abs)        0009C
_ADRESL                        (abs)        0009B
_ANSELAbits                    (abs)        0018C
_ConfigureOscillator           text22       0031E
_FLASH_EraseBlock              text14       00255
_FLASH_ReadWord                text19       00271
_HEF_ByteArrayRead             text18       001A8
_HEF_ByteArrayWrite            text13       000E1
_INTCONbits                    (abs)        0000B
_InitApp                       text20       0028A
_LATAbits                      (abs)        0010C
_LATCbits                      (abs)        0010E
_OSCCONbits                    (abs)        00099
_OSCSTAT                       (abs)        0009A
_PIR1bits                      (abs)        00011
_PMADR                         (abs)        00191
_PMADRH                        (abs)        00192
_PMADRL                        (abs)        00191
_PMCON1bits                    (abs)        00195
_PMCON2                        (abs)        00196
_PMDATH                        (abs)        00194
_PMDATL                        (abs)        00193
_PORTAbits                     (abs)        0000C
_T2CONbits                     (abs)        0001C
_TRISAbits                     (abs)        0008C
_TRISCbits                     (abs)        0008E
__CFG_BOREN$OFF                (abs)        00000
__CFG_BORV$LO                  (abs)        00000
__CFG_CLKOUTEN$OFF             (abs)        00000
__CFG_CP$OFF                   (abs)        00000
__CFG_FOSC$INTOSC              (abs)        00000
__CFG_LPBOR$OFF                (abs)        00000
__CFG_LVP$ON                   (abs)        00000
__CFG_MCLRE$ON                 (abs)        00000
__CFG_PWRTE$OFF                (abs)        00000
__CFG_STVREN$ON                (abs)        00000
__CFG_WDTE$OFF                 (abs)        00000
__CFG_WRT$OFF                  (abs)        00000
__Habs1                        abs1         00000
__Hbank0                       bank0        00000
__Hbank1                       bank1        00000
__Hbank10                      bank10       00000
__Hbank11                      bank11       00000
__Hbank12                      bank12       00000
__Hbank13                      bank13       00000
__Hbank14                      bank14       00000
__Hbank15                      bank15       00000
__Hbank16                      bank16       00000
__Hbank17                      bank17       00000
__Hbank18                      bank18       00000
__Hbank19                      bank19       00000
__Hbank2                       bank2        00000
__Hbank20                      bank20       00000
__Hbank21                      bank21       00000
__Hbank22                      bank22       00000
__Hbank23                      bank23       00000
__Hbank24                      bank24       00000
__Hbank25                      bank25       00000
__Hbank26                      bank26       00000
__Hbank27                      bank27       00000
__Hbank28                      bank28       00000
__Hbank29                      bank29       00000
__Hbank3                       bank3        00000
__Hbank30                      bank30       00000
__Hbank31                      bank31       00000
__Hbank4                       bank4        00000
__Hbank5                       bank5        00000
__Hbank6                       bank6        00000
__Hbank7                       bank7        00000
__Hbank8                       bank8        00000
__Hbank9                       bank9        00000
__Hbigram                      bigram       00000
__HbssBANK0                    bssBANK0     00000
__Hcinit                       cinit        00021
__Hclrtext                     clrtext      00000
__Hcode                        code         00000
__Hcommon                      common       00000
__Hconfig                      config       08009
__HcstackBANK0                 cstackBANK0  00000
__HcstackCOMMON                cstackCOMMON 00000
__HdataBANK0                   dataBANK0    00000
__Heeprom_data                 eeprom_data  00000
__Hend_init                    end_init     0000E
__Hfunctab                     functab      00000
__HidataBANK0                  idataBANK0   00000
__Hidloc                       idloc        00000
__Hinit                        init         0000D
__Hinittext                    inittext     00000
__Hintentry                    intentry     0000D
__Hmaintext                    maintext     00000
__Hpowerup                     powerup      00000
__Hram                         ram          00000
__Hreset_vec                   reset_vec    00002
__Hsfr0                        sfr0         00000
__Hsfr1                        sfr1         00000
__Hsfr10                       sfr10        00000
__Hsfr11                       sfr11        00000
__Hsfr12                       sfr12        00000
__Hsfr13                       sfr13        00000
__Hsfr14                       sfr14        00000
__Hsfr15                       sfr15        00000
__Hsfr16                       sfr16        00000
__Hsfr17                       sfr17        00000
__Hsfr18                       sfr18        00000
__Hsfr19                       sfr19        00000
__Hsfr2                        sfr2         00000
__Hsfr20                       sfr20        00000
__Hsfr21                       sfr21        00000
__Hsfr22                       sfr22        00000
__Hsfr23                       sfr23        00000
__Hsfr24                       sfr24        00000
__Hsfr25                       sfr25        00000
__Hsfr26                       sfr26        00000
__Hsfr27                       sfr27        00000
__Hsfr28                       sfr28        00000
__Hsfr29                       sfr29        00000
__Hsfr3                        sfr3         00000
__Hsfr30                       sfr30        00000
__Hsfr31                       sfr31        00000
__Hsfr4                        sfr4         00000
__Hsfr5                        sfr5         00000
__Hsfr6                        sfr6         00000
__Hsfr7                        sfr7         00000
__Hsfr8                        sfr8         00000
__Hsfr9                        sfr9         00000
__Hspace_0                     (abs)        08009
__Hspace_1                     (abs)        0007D
__Hspace_2                     (abs)        00000
__Hspace_3                     (abs)        00000
__Hstack                       stack        00000
__Hstrings                     strings      00000
__Htext                        text         00000
__Labs1                        abs1         00000
__Lbank0                       bank0        00000
__Lbank1                       bank1        00000
__Lbank10                      bank10       00000
__Lbank11                      bank11       00000
__Lbank12                      bank12       00000
__Lbank13                      bank13       00000
__Lbank14                      bank14       00000
__Lbank15                      bank15       00000
__Lbank16                      bank16       00000
__Lbank17                      bank17       00000
__Lbank18                      bank18       00000
__Lbank19                      bank19       00000
__Lbank2                       bank2        00000
__Lbank20                      bank20       00000
__Lbank21                      bank21       00000
__Lbank22                      bank22       00000
__Lbank23                      bank23       00000
__Lbank24                      bank24       00000
__Lbank25                      bank25       00000
__Lbank26                      bank26       00000
__Lbank27                      bank27       00000
__Lbank28                      bank28       00000
__Lbank29                      bank29       00000
__Lbank3                       bank3        00000
__Lbank30                      bank30       00000
__Lbank31                      bank31       00000
__Lbank4                       bank4        00000
__Lbank5                       bank5        00000
__Lbank6                       bank6        00000
__Lbank7                       bank7        00000
__Lbank8                       bank8        00000
__Lbank9                       bank9        00000
__Lbigram                      bigram       00000
__LbssBANK0                    bssBANK0     00000
__Lcinit                       cinit        0000E
__Lclrtext                     clrtext      00000
__Lcode                        code         00000
__Lcommon                      common       00000
__Lconfig                      config       08007
__LcstackBANK0                 cstackBANK0  00000
__LcstackCOMMON                cstackCOMMON 00000
__LdataBANK0                   dataBANK0    00000
__Leeprom_data                 eeprom_data  00000
__Lend_init                    end_init     0000D
__Lfunctab                     functab      00000
__LidataBANK0                  idataBANK0   00000
__Lidloc                       idloc        00000
__Linit                        init         0000D
__Linittext                    inittext     00000
__Lintentry                    intentry     00004
__Lmaintext                    maintext     00000
__Lpowerup                     powerup      00000
__Lram                         ram          00000
__Lreset_vec                   reset_vec    00000
__Lsfr0                        sfr0         00000
__Lsfr1                        sfr1         00000
__Lsfr10                       sfr10        00000
__Lsfr11                       sfr11        00000
__Lsfr12                       sfr12        00000
__Lsfr13                       sfr13        00000
__Lsfr14                       sfr14        00000
__Lsfr15                       sfr15        00000
__Lsfr16                       sfr16        00000
__Lsfr17                       sfr17        00000
__Lsfr18                       sfr18        00000
__Lsfr19                       sfr19        00000
__Lsfr2                        sfr2         00000
__Lsfr20                       sfr20        00000
__Lsfr21                       sfr21        00000
__Lsfr22                       sfr22        00000
__Lsfr23                       sfr23        00000
__Lsfr24                       sfr24        00000
__Lsfr25                       sfr25        00000
__Lsfr26                       sfr26        00000
__Lsfr27                       sfr27        00000
__Lsfr28                       sfr28        00000
__Lsfr29                       sfr29        00000
__Lsfr3                        sfr3         00000
__Lsfr30                       sfr30        00000
__Lsfr31                       sfr31        00000
__Lsfr4                        sfr4         00000
__Lsfr5                        sfr5         00000
__Lsfr6                        sfr6         00000
__Lsfr7                        sfr7         00000
__Lsfr8                        sfr8         00000
__Lsfr9                        sfr9         00000
__Lspace_0                     (abs)        00000
__Lspace_1                     (abs)        00000
__Lspace_2                     (abs)        00000
__Lspace_3                     (abs)        00000
__Lstack                       stack        00000
__Lstrings                     strings      00000
__Ltext                        text         00000
__S0                           (abs)        08009
__S1                           (abs)        0007D
__S2                           (abs)        00000
___int_sp                      stack        00000
___latbits                     (abs)        00000
___lmul                        text10       001DC
___lmul@multiplicand           cstackCOMMON 00075
___lmul@multiplier             cstackCOMMON 00071
___lmul@product                cstackCOMMON 00079
___sp                          stack        00000
__end_of_ConfigureOscillator   text22       00323
__end_of_FLASH_EraseBlock      text14       00271
__end_of_FLASH_ReadWord        text19       0028A
__end_of_HEF_ByteArrayRead     text18       001DC
__end_of_HEF_ByteArrayWrite    text13       00134
__end_of_InitApp               text20       0029F
__end_of___lmul                text10       0020B
__end_of__initialization       cinit        0001E
__end_of_getCurrentState       text17       00255
__end_of_getSwitch1State       text15       002ED
__end_of_getSwitch2State       text6        0030D
__end_of_initStateManager      text16       0031E
__end_of_initSwitch1           text7        002E1
__end_of_initSwitch2           text3        002D5
__end_of_init_adc              text21       002F7
__end_of_isr                   intentry     0000D
__end_of_main                  maintext     00306
__end_of_saveState             text12       002AF
__end_of_setSwitch1State       text8        001A8
__end_of_setSwitch2State       text4        0016E
__end_of_updateSwitch1         text2        000E1
__end_of_updateSwitch1State    text11       002C9
__end_of_updateSwitch2         text1        00081
__end_of_updateSwitch2State    text5        002BC
__end_of_wait_ms               text9        00233
__initialization               cinit        0000E
__pbssBANK0                    bssBANK0     00020
__pcstackBANK0                 cstackBANK0  00032
__pcstackCOMMON                cstackCOMMON 00070
__pdataBANK0                   dataBANK0    0003B
__pidataBANK0                  idataBANK0   002F7
__pintentry                    intentry     00004
__pmaintext                    maintext     002FF
__ptext1                       text1        00021
__ptext10                      text10       001DC
__ptext11                      text11       002BC
__ptext12                      text12       0029F
__ptext13                      text13       000E1
__ptext14                      text14       00255
__ptext15                      text15       002E1
__ptext16                      text16       00319
__ptext17                      text17       00233
__ptext18                      text18       001A8
__ptext19                      text19       00271
__ptext2                       text2        00081
__ptext20                      text20       0028A
__ptext21                      text21       002ED
__ptext22                      text22       0031E
__ptext3                       text3        002C9
__ptext4                       text4        00134
__ptext5                       text5        002AF
__ptext6                       text6        00306
__ptext7                       text7        002D5
__ptext8                       text8        0016E
__ptext9                       text9        0020B
__size_of_ConfigureOscillator  (abs)        00000
__size_of_FLASH_EraseBlock     (abs)        00000
__size_of_FLASH_ReadWord       (abs)        00000
__size_of_HEF_ByteArrayRead    (abs)        00000
__size_of_HEF_ByteArrayWrite   (abs)        00000
__size_of_InitApp              (abs)        00000
__size_of___lmul               (abs)        00000
__size_of_getCurrentState      (abs)        00000
__size_of_getSwitch1State      (abs)        00000
__size_of_getSwitch2State      (abs)        00000
__size_of_initStateManager     (abs)        00000
__size_of_initSwitch1          (abs)        00000
__size_of_initSwitch2          (abs)        00000
__size_of_init_adc             (abs)        00000
__size_of_isr                  (abs)        00000
__size_of_main                 (abs)        00000
__size_of_saveState            (abs)        00000
__size_of_setSwitch1State      (abs)        00000
__size_of_setSwitch2State      (abs)        00000
__size_of_updateSwitch1        (abs)        00000
__size_of_updateSwitch1State   (abs)        00000
__size_of_updateSwitch2        (abs)        00000
__size_of_updateSwitch2State   (abs)        00000
__size_of_wait_ms              (abs)        00000
_getCurrentState               text17       00233
_getSwitch1State               text15       002E1
_getSwitch2State               text6        00306
_initStateManager              text16       00319
_initSwitch1                   text7        002D5
_initSwitch2                   text3        002C9
_init_adc                      text21       002ED
_isInitialized                 bssBANK0     00024
_isr                           intentry     00004
_main                          maintext     002FF
_pedalState                    bssBANK0     0002E
_saveState                     text12       0029F
_setSwitch1State               text8        0016E
_setSwitch2State               text4        00134
_switch1_pressed               bssBANK0     00026
_switch1_state                 dataBANK0    0003B
_switch1_toggle                bssBANK0     00028
_switch1_up                    dataBANK0    0003D
_switch2_pressed               bssBANK0     0002A
_switch2_state                 dataBANK0    0003F
_switch2_toggle                bssBANK0     0002C
_switch2_up                    dataBANK0    00041
_updateSwitch1                 text2        00081
_updateSwitch1State            text11       002BC
_updateSwitch2                 text1        00021
_updateSwitch2State            text5        002AF
_wait_ms                       text9        0020B
btemp                          (abs)        0007E
clear_ram0                     clrtext      0030D
end_of_initialization          cinit        0001E
getCurrentState@r              cstackBANK0  00032
initSwitch1@initState          cstackBANK0  00039
initSwitch2@initState          cstackBANK0  00039
init_ram                       inittext     00313
int$flags                      (abs)        0007E
intlevel0                      functab      00000
intlevel1                      functab      00000
intlevel2                      functab      00000
intlevel3                      functab      00000
intlevel4                      functab      00000
intlevel5                      functab      00000
ltemp                          (abs)        0007E
ltemp0                         (abs)        0007E
ltemp1                         (abs)        00082
ltemp2                         (abs)        00086
ltemp3                         (abs)        00080
reset_vec                      reset_vec    00000
saveState@r                    cstackCOMMON 0007C
setSwitch1State@f_state        cstackBANK0  00037
setSwitch2State@f_state        cstackBANK0  00037
stackhi                        (abs)        0206F
stacklo                        (abs)        02023
start                          init         0000D
start_initialization           cinit        0000E
ttemp                          (abs)        0007E
ttemp0                         (abs)        0007E
ttemp1                         (abs)        00081
ttemp2                         (abs)        00084
ttemp3                         (abs)        00087
ttemp4                         (abs)        0007F
updateSwitch1State@state       cstackBANK0  00035
updateSwitch2State@state       cstackBANK0  00035
wait_ms@time                   cstackBANK0  00032
wait_ms@timel                  bssBANK0     00020
wtemp                          (abs)        0007E
wtemp0                         (abs)        0007E
wtemp1                         (abs)        00080
wtemp2                         (abs)        00082
wtemp3                         (abs)        00084
wtemp4                         (abs)        00086
wtemp5                         (abs)        00088
wtemp6                         (abs)        0007F


FUNCTION INFORMATION:

 *************** function _main *****************
 Defined at:
		line 23 in file "main.c"
 Parameters:    Size  Location     Type
		None
 Auto vars:     Size  Location     Type
		None
 Return value:  Size  Location     Type
                  1    wreg      void 
 Registers used:
		wreg, fsr1l, fsr1h, status,2, status,0, pclath, cstack
 Tracked objects:
		On entry : 
		On exit  : 
		Unchanged: 
 Data sizes:     COMMON   BANK0   BANK1
      Params:         0       0       0
      Locals:         0       0       0
      Temps:          0       0       0
      Totals:         0       0       0
Total ram usage:        0 bytes
 Hardware stack levels required when called:    7
 This function calls:
		_ConfigureOscillator
		_InitApp
		_initSwitch1
		_initSwitch2
		_updateSwitch1
		_updateSwitch2
 This function is called by:
		Startup code after reset
 This function uses a non-reentrant model


 *************** function _updateSwitch2 *****************
 Defined at:
		line 27 in file "switch2.c"
 Parameters:    Size  Location     Type
		None
 Auto vars:     Size  Location     Type
		None
 Return value:  Size  Location     Type
                  1    wreg      void 
 Registers used:
		wreg, fsr1l, fsr1h, status,2, status,0, pclath, cstack
 Tracked objects:
		On entry : 
		On exit  : 
		Unchanged: 
 Data sizes:     COMMON   BANK0   BANK1
      Params:         0       0       0
      Locals:         0       0       0
      Temps:          0       1       0
      Totals:         0       1       0
Total ram usage:        1 bytes
 Hardware stack levels used:    1
 Hardware stack levels required when called:    6
 This function calls:
		_setSwitch2State
 This function is called by:
		_main
 This function uses a non-reentrant model


 *************** function _updateSwitch1 *****************
 Defined at:
		line 27 in file "switch1.c"
 Parameters:    Size  Location     Type
		None
 Auto vars:     Size  Location     Type
		None
 Return value:  Size  Location     Type
                  1    wreg      void 
 Registers used:
		wreg, fsr1l, fsr1h, status,2, status,0, pclath, cstack
 Tracked objects:
		On entry : 
		On exit  : 
		Unchanged: 
 Data sizes:     COMMON   BANK0   BANK1
      Params:         0       0       0
      Locals:         0       0       0
      Temps:          0       1       0
      Totals:         0       1       0
Total ram usage:        1 bytes
 Hardware stack levels used:    1
 Hardware stack levels required when called:    6
 This function calls:
		_setSwitch1State
 This function is called by:
		_main
 This function uses a non-reentrant model


 *************** function _initSwitch2 *****************
 Defined at:
		line 22 in file "switch2.c"
 Parameters:    Size  Location     Type
		None
 Auto vars:     Size  Location     Type
  initState       2    7[BANK0 ] int 
 Return value:  Size  Location     Type
                  1    wreg      void 
 Registers used:
		wreg, fsr1l, fsr1h, status,2, status,0, pclath, cstack
 Tracked objects:
		On entry : 
		On exit  : 
		Unchanged: 
 Data sizes:     COMMON   BANK0   BANK1
      Params:         0       0       0
      Locals:         0       2       0
      Temps:          0       0       0
      Totals:         0       2       0
Total ram usage:        2 bytes
 Hardware stack levels used:    1
 Hardware stack levels required when called:    6
 This function calls:
		_getSwitch2State
		_setSwitch2State
 This function is called by:
		_main
 This function uses a non-reentrant model


 *************** function _setSwitch2State *****************
 Defined at:
		line 72 in file "switch2.c"
 Parameters:    Size  Location     Type
  f_state         2    5[BANK0 ] int 
 Auto vars:     Size  Location     Type
		None
 Return value:  Size  Location     Type
                  1    wreg      void 
 Registers used:
		wreg, fsr1l, fsr1h, status,2, status,0, pclath, cstack
 Tracked objects:
		On entry : 
		On exit  : 
		Unchanged: 
 Data sizes:     COMMON   BANK0   BANK1
      Params:         0       2       0
      Locals:         0       0       0
      Temps:          0       0       0
      Totals:         0       2       0
Total ram usage:        2 bytes
 Hardware stack levels used:    1
 Hardware stack levels required when called:    5
 This function calls:
		_updateSwitch2State
		_wait_ms
 This function is called by:
		_initSwitch2
		_updateSwitch2
 This function uses a non-reentrant model


 *************** function _updateSwitch2State *****************
 Defined at:
		line 64 in file "state_manager.c"
 Parameters:    Size  Location     Type
  state           2    3[BANK0 ] int 
 Auto vars:     Size  Location     Type
		None
 Return value:  Size  Location     Type
                  1    wreg      void 
 Registers used:
		wreg, fsr1l, fsr1h, status,2, status,0, pclath, cstack
 Tracked objects:
		On entry : 
		On exit  : 
		Unchanged: 
 Data sizes:     COMMON   BANK0   BANK1
      Params:         0       2       0
      Locals:         0       0       0
      Temps:          0       0       0
      Totals:         0       2       0
Total ram usage:        2 bytes
 Hardware stack levels used:    1
 Hardware stack levels required when called:    4
 This function calls:
		_saveState
 This function is called by:
		_setSwitch2State
 This function uses a non-reentrant model


 *************** function _getSwitch2State *****************
 Defined at:
		line 52 in file "state_manager.c"
 Parameters:    Size  Location     Type
		None
 Auto vars:     Size  Location     Type
		None
 Return value:  Size  Location     Type
                  2    1[BANK0 ] int 
 Registers used:
		wreg, fsr1l, fsr1h, status,2, status,0, pclath, cstack
 Tracked objects:
		On entry : 
		On exit  : 
		Unchanged: 
 Data sizes:     COMMON   BANK0   BANK1
      Params:         0       2       0
      Locals:         0       0       0
      Temps:          0       0       0
      Totals:         0       2       0
Total ram usage:        2 bytes
 Hardware stack levels used:    1
 Hardware stack levels required when called:    4
 This function calls:
		_getCurrentState
 This function is called by:
		_initSwitch2
 This function uses a non-reentrant model


 *************** function _initSwitch1 *****************
 Defined at:
		line 22 in file "switch1.c"
 Parameters:    Size  Location     Type
		None
 Auto vars:     Size  Location     Type
  initState       2    7[BANK0 ] int 
 Return value:  Size  Location     Type
                  1    wreg      void 
 Registers used:
		wreg, fsr1l, fsr1h, status,2, status,0, pclath, cstack
 Tracked objects:
		On entry : 
		On exit  : 
		Unchanged: 
 Data sizes:     COMMON   BANK0   BANK1
      Params:         0       0       0
      Locals:         0       2       0
      Temps:          0       0       0
      Totals:         0       2       0
Total ram usage:        2 bytes
 Hardware stack levels used:    1
 Hardware stack levels required when called:    6
 This function calls:
		_getSwitch1State
		_setSwitch1State
 This function is called by:
		_main
 This function uses a non-reentrant model


 *************** function _setSwitch1State *****************
 Defined at:
		line 72 in file "switch1.c"
 Parameters:    Size  Location     Type
  f_state         2    5[BANK0 ] int 
 Auto vars:     Size  Location     Type
		None
 Return value:  Size  Location     Type
                  1    wreg      void 
 Registers used:
		wreg, fsr1l, fsr1h, status,2, status,0, pclath, cstack
 Tracked objects:
		On entry : 
		On exit  : 
		Unchanged: 
 Data sizes:     COMMON   BANK0   BANK1
      Params:         0       2       0
      Locals:         0       0       0
      Temps:          0       0       0
      Totals:         0       2       0
Total ram usage:        2 bytes
 Hardware stack levels used:    1
 Hardware stack levels required when called:    5
 This function calls:
		_updateSwitch1State
		_wait_ms
 This function is called by:
		_initSwitch1
		_updateSwitch1
 This function uses a non-reentrant model


 *************** function _wait_ms *****************
 Defined at:
		line 23 in file "system.c"
 Parameters:    Size  Location     Type
  time            2    0[BANK0 ] unsigned int 
 Auto vars:     Size  Location     Type
		None
 Return value:  Size  Location     Type
                  1    wreg      void 
 Registers used:
		wreg, status,2, status,0, pclath, cstack
 Tracked objects:
		On entry : 
		On exit  : 
		Unchanged: 
 Data sizes:     COMMON   BANK0   BANK1
      Params:         0       2       0
      Locals:         0       0       0
      Temps:          0       0       0
      Totals:         0       2       0
Total ram usage:        2 bytes
 Hardware stack levels used:    1
 Hardware stack levels required when called:    2
 This function calls:
		___lmul
 This function is called by:
		_setSwitch1State
		_setSwitch2State
 This function uses a non-reentrant model


 *************** function ___lmul *****************
 Defined at:
		line 15 in file "C:\Program Files (x86)\Microchip\xc8\v1.37\sources\common\Umul32.c"
 Parameters:    Size  Location     Type
  multiplier      4    1[COMMON] unsigned long 
  multiplicand    4    5[COMMON] unsigned long 
 Auto vars:     Size  Location     Type
  product         4    9[COMMON] unsigned long 
 Return value:  Size  Location     Type
                  4    1[COMMON] unsigned long 
 Registers used:
		wreg, status,2, status,0
 Tracked objects:
		On entry : 
		On exit  : 
		Unchanged: 
 Data sizes:     COMMON   BANK0   BANK1
      Params:         8       0       0
      Locals:         4       0       0
      Temps:          0       0       0
      Totals:        12       0       0
Total ram usage:       12 bytes
 Hardware stack levels used:    1
 Hardware stack levels required when called:    1
 This function calls:
		Nothing
 This function is called by:
		_wait_ms
 This function uses a non-reentrant model


 *************** function _updateSwitch1State *****************
 Defined at:
		line 58 in file "state_manager.c"
 Parameters:    Size  Location     Type
  state           2    3[BANK0 ] int 
 Auto vars:     Size  Location     Type
		None
 Return value:  Size  Location     Type
                  1    wreg      void 
 Registers used:
		wreg, fsr1l, fsr1h, status,2, status,0, pclath, cstack
 Tracked objects:
		On entry : 
		On exit  : 
		Unchanged: 
 Data sizes:     COMMON   BANK0   BANK1
      Params:         0       2       0
      Locals:         0       0       0
      Temps:          0       0       0
      Totals:         0       2       0
Total ram usage:        2 bytes
 Hardware stack levels used:    1
 Hardware stack levels required when called:    4
 This function calls:
		_saveState
 This function is called by:
		_setSwitch1State
 This function uses a non-reentrant model


 *************** function _saveState *****************
 Defined at:
		line 73 in file "state_manager.c"
 Parameters:    Size  Location     Type
		None
 Auto vars:     Size  Location     Type
  r               1   12[COMMON] unsigned char 
 Return value:  Size  Location     Type
                  1    wreg      void 
 Registers used:
		wreg, fsr1l, fsr1h, status,2, status,0, pclath, cstack
 Tracked objects:
		On entry : 
		On exit  : 
		Unchanged: 
 Data sizes:     COMMON   BANK0   BANK1
      Params:         0       0       0
      Locals:         1       0       0
      Temps:          0       3       0
      Totals:         1       3       0
Total ram usage:        4 bytes
 Hardware stack levels used:    1
 Hardware stack levels required when called:    3
 This function calls:
		_HEF_ByteArrayWrite
 This function is called by:
		_updateSwitch1State
		_updateSwitch2State
 This function uses a non-reentrant model


 *************** function _HEF_ByteArrayWrite *****************
 Defined at:
		line 12 in file "HEF.c"
 Parameters:    Size  Location     Type
  block           1    wreg     unsigned char 
  byteArray       1    4[COMMON] PTR unsigned char 
		 -> pedalState(4), 
  count           1    5[COMMON] unsigned char 
 Auto vars:     Size  Location     Type
  block           1    9[COMMON] unsigned char 
  blockAddr       2   10[COMMON] unsigned int 
  GIEBitValue     1    8[COMMON] unsigned char 
  i               1    0        unsigned char 
 Return value:  Size  Location     Type
                  1    wreg      char 
 Registers used:
		wreg, fsr1l, fsr1h, status,2, status,0, pclath, cstack
 Tracked objects:
		On entry : 
		On exit  : 
		Unchanged: 
 Data sizes:     COMMON   BANK0   BANK1
      Params:         2       0       0
      Locals:         4       0       0
      Temps:          2       0       0
      Totals:         8       0       0
Total ram usage:        8 bytes
 Hardware stack levels used:    1
 Hardware stack levels required when called:    2
 This function calls:
		_FLASH_EraseBlock
 This function is called by:
		_saveState
 This function uses a non-reentrant model


 *************** function _FLASH_EraseBlock *****************
 Defined at:
		line 141 in file "mcc_generated_files/memory.c"
 Parameters:    Size  Location     Type
  startAddr       2    1[COMMON] unsigned int 
 Auto vars:     Size  Location     Type
  GIEBitValue     1    3[COMMON] unsigned char 
 Return value:  Size  Location     Type
                  1    wreg      void 
 Registers used:
		wreg, status,2, status,0
 Tracked objects:
		On entry : 
		On exit  : 
		Unchanged: 
 Data sizes:     COMMON   BANK0   BANK1
      Params:         2       0       0
      Locals:         1       0       0
      Temps:          0       0       0
      Totals:         3       0       0
Total ram usage:        3 bytes
 Hardware stack levels used:    1
 Hardware stack levels required when called:    1
 This function calls:
		Nothing
 This function is called by:
		_HEF_ByteArrayWrite
		_FLASH_WriteBlock
 This function uses a non-reentrant model


 *************** function _getSwitch1State *****************
 Defined at:
		line 44 in file "state_manager.c"
 Parameters:    Size  Location     Type
		None
 Auto vars:     Size  Location     Type
		None
 Return value:  Size  Location     Type
                  2    1[BANK0 ] int 
 Registers used:
		wreg, fsr1l, fsr1h, status,2, status,0, pclath, cstack
 Tracked objects:
		On entry : 
		On exit  : 
		Unchanged: 
 Data sizes:     COMMON   BANK0   BANK1
      Params:         0       2       0
      Locals:         0       0       0
      Temps:          0       0       0
      Totals:         0       2       0
Total ram usage:        2 bytes
 Hardware stack levels used:    1
 Hardware stack levels required when called:    5
 This function calls:
		_initStateManager
 This function is called by:
		_initSwitch1
 This function uses a non-reentrant model


 *************** function _initStateManager *****************
 Defined at:
		line 18 in file "state_manager.c"
 Parameters:    Size  Location     Type
		None
 Auto vars:     Size  Location     Type
		None
 Return value:  Size  Location     Type
                  1    wreg      void 
 Registers used:
		wreg, fsr1l, fsr1h, status,2, status,0, pclath, cstack
 Tracked objects:
		On entry : 
		On exit  : 
		Unchanged: 
 Data sizes:     COMMON   BANK0   BANK1
      Params:         0       0       0
      Locals:         0       0       0
      Temps:          0       0       0
      Totals:         0       0       0
Total ram usage:        0 bytes
 Hardware stack levels used:    1
 Hardware stack levels required when called:    4
 This function calls:
		_getCurrentState
 This function is called by:
		_getSwitch1State
 This function uses a non-reentrant model


 *************** function _getCurrentState *****************
 Defined at:
		line 23 in file "state_manager.c"
 Parameters:    Size  Location     Type
		None
 Auto vars:     Size  Location     Type
  r               1    0[BANK0 ] unsigned char 
 Return value:  Size  Location     Type
                  4  155[None  ] struct .
 Registers used:
		wreg, fsr1l, fsr1h, status,2, status,0, pclath, cstack
 Tracked objects:
		On entry : 
		On exit  : 
		Unchanged: 
 Data sizes:     COMMON   BANK0   BANK1
      Params:         0       0       0
      Locals:         0       1       0
      Temps:          2       0       0
      Totals:         2       1       0
Total ram usage:        3 bytes
 Hardware stack levels used:    1
 Hardware stack levels required when called:    3
 This function calls:
		_HEF_ByteArrayRead
 This function is called by:
		_initStateManager
		_getSwitch2State
 This function uses a non-reentrant model


 *************** function _HEF_ByteArrayRead *****************
 Defined at:
		line 53 in file "HEF.c"
 Parameters:    Size  Location     Type
  bArray          1    wreg     PTR unsigned char 
		 -> pedalState(4), 
  block           1    4[COMMON] unsigned char 
  count           1    5[COMMON] unsigned char 
 Auto vars:     Size  Location     Type
  bArray          1   10[COMMON] PTR unsigned char 
		 -> pedalState(4), 
  wordAdd         2    8[COMMON] unsigned int 
 Return value:  Size  Location     Type
                  1    wreg      char 
 Registers used:
		wreg, fsr1l, fsr1h, status,2, status,0, pclath, cstack
 Tracked objects:
		On entry : 
		On exit  : 
		Unchanged: 
 Data sizes:     COMMON   BANK0   BANK1
      Params:         2       0       0
      Locals:         3       0       0
      Temps:          2       0       0
      Totals:         7       0       0
Total ram usage:        7 bytes
 Hardware stack levels used:    1
 Hardware stack levels required when called:    2
 This function calls:
		_FLASH_ReadWord
 This function is called by:
		_getCurrentState
 This function uses a non-reentrant model


 *************** function _FLASH_ReadWord *****************
 Defined at:
		line 58 in file "mcc_generated_files/memory.c"
 Parameters:    Size  Location     Type
  flashAddr       2    1[COMMON] unsigned int 
 Auto vars:     Size  Location     Type
  GIEBitValue     1    3[COMMON] unsigned char 
 Return value:  Size  Location     Type
                  2    1[COMMON] unsigned int 
 Registers used:
		wreg, status,2, status,0
 Tracked objects:
		On entry : 
		On exit  : 
		Unchanged: 
 Data sizes:     COMMON   BANK0   BANK1
      Params:         2       0       0
      Locals:         1       0       0
      Temps:          0       0       0
      Totals:         3       0       0
Total ram usage:        3 bytes
 Hardware stack levels used:    1
 Hardware stack levels required when called:    1
 This function calls:
		Nothing
 This function is called by:
		_HEF_ByteArrayRead
		_FLASH_WriteWord
		_HEF_ByteRead
 This function uses a non-reentrant model


 *************** function _InitApp *****************
 Defined at:
		line 27 in file "user.c"
 Parameters:    Size  Location     Type
		None
 Auto vars:     Size  Location     Type
		None
 Return value:  Size  Location     Type
                  1    wreg      void 
 Registers used:
		wreg, status,2, status,0, pclath, cstack
 Tracked objects:
		On entry : 
		On exit  : 
		Unchanged: 
 Data sizes:     COMMON   BANK0   BANK1
      Params:         0       0       0
      Locals:         0       0       0
      Temps:          0       0       0
      Totals:         0       0       0
Total ram usage:        0 bytes
 Hardware stack levels used:    1
 Hardware stack levels required when called:    2
 This function calls:
		_init_adc
 This function is called by:
		_main
 This function uses a non-reentrant model


 *************** function _init_adc *****************
 Defined at:
		line 60 in file "user.c"
 Parameters:    Size  Location     Type
		None
 Auto vars:     Size  Location     Type
		None
 Return value:  Size  Location     Type
                  1    wreg      void 
 Registers used:
		wreg, status,2, status,0
 Tracked objects:
		On entry : 
		On exit  : 
		Unchanged: 
 Data sizes:     COMMON   BANK0   BANK1
      Params:         0       0       0
      Locals:         0       0       0
      Temps:          0       0       0
      Totals:         0       0       0
Total ram usage:        0 bytes
 Hardware stack levels used:    1
 Hardware stack levels required when called:    1
 This function calls:
		Nothing
 This function is called by:
		_InitApp
 This function uses a non-reentrant model


 *************** function _ConfigureOscillator *****************
 Defined at:
		line 17 in file "system.c"
 Parameters:    Size  Location     Type
		None
 Auto vars:     Size  Location     Type
		None
 Return value:  Size  Location     Type
                  1    wreg      void 
 Registers used:
		wreg, status,2, status,0
 Tracked objects:
		On entry : 
		On exit  : 
		Unchanged: 
 Data sizes:     COMMON   BANK0   BANK1
      Params:         0       0       0
      Locals:         0       0       0
      Temps:          0       0       0
      Totals:         0       0       0
Total ram usage:        0 bytes
 Hardware stack levels used:    1
 Hardware stack levels required when called:    1
 This function calls:
		Nothing
 This function is called by:
		_main
 This function uses a non-reentrant model


 *************** function _isr *****************
 Defined at:
		line 23 in file "interrupts.c"
 Parameters:    Size  Location     Type
		None
 Auto vars:     Size  Location     Type
		None
 Return value:  Size  Location     Type
                  1    wreg      void 
 Registers used:
		None
 Tracked objects:
		On entry : 
		On exit  : 
		Unchanged: 
 Data sizes:     COMMON   BANK0   BANK1
      Params:         0       0       0
      Locals:         0       0       0
      Temps:          1       0       0
      Totals:         1       0       0
Total ram usage:        1 bytes
 Hardware stack levels used:    1
 This function calls:
		Nothing
 This function is called by:
		Interrupt level 1
 This function uses a non-reentrant model



MODULE INFORMATION

Module		Function		Class		Link	Load	Size
state_manager.c
		_saveState     		CODE           	029F	0000	17
		_initStateManager		CODE           	0319	0000	6
		_getSwitch1State		CODE           	02E1	0000	13
		_getSwitch2State		CODE           	0306	0000	8
		_getCurrentState		CODE           	0233	0000	35
		_updateSwitch1State		CODE           	02BC	0000	14
		_updateSwitch2State		CODE           	02AF	0000	14

state_manager.c estimated size: 107

interrupts.c
		_isr           		CODE           	0004	0000	10

interrupts.c estimated size: 10

switch1.c
		_updateSwitch1 		CODE           	0081	0000	97
		_initSwitch1   		CODE           	02D5	0000	13
		_setSwitch1State		CODE           	016E	0000	59

switch1.c estimated size: 169

HEF.c
		_HEF_ByteArrayRead		CODE           	01A8	0000	53
		_HEF_ByteArrayWrite		CODE           	00E1	0000	84

HEF.c estimated size: 137

C:\Program Files (x86)\Microchip\xc8\v1.37\sources\common\Umul32.c
		___lmul        		CODE           	01DC	0000	48

C:\Program Files (x86)\Microchip\xc8\v1.37\sources\common\Umul32.c estimated size: 48

shared
		__initialization		CODE           	000E	0000	17

shared estimated size: 17

mcc_generated_files/memory.c
		_FLASH_EraseBlock		CODE           	0255	0000	29
		_FLASH_ReadWord		CODE           	0271	0000	26

mcc_generated_files/memory.c estimated size: 55

user.c
		_InitApp       		CODE           	028A	0000	22
		_init_adc      		CODE           	02ED	0000	11

user.c estimated size: 33

main.c
		_main          		CODE           	02FF	0000	8

main.c estimated size: 8

switch2.c
		_updateSwitch2 		CODE           	0021	0000	97
		_initSwitch2   		CODE           	02C9	0000	13
		_setSwitch2State		CODE           	0134	0000	59

switch2.c estimated size: 169

system.c
		_ConfigureOscillator		CODE           	031E	0000	6
		_wait_ms       		CODE           	020B	0000	41

system.c estimated size: 47

